                                            seedlings3          11:25 Thursday, April 10, 2014   1

                                      The CONTENTS Procedure

      Data Set Name        WORK.SEEDLINGS3                         Observations          0 
      Member Type          DATA                                    Variables             1 
      Engine               V9                                      Indexes               0 
      Created              Thursday, April 10, 2014 11:25:37 AM    Observation Length    1 
      Last Modified        Thursday, April 10, 2014 11:25:37 AM    Deleted Observations  0 
      Protection                                                   Compressed            NO
      Data Set Type                                                Sorted                NO
      Label                                                                                
      Data Representation  WINDOWS_32                                                      
      Encoding             wlatin1  Western (Windows)                                      


                                Engine/Host Dependent Information

Data Set Page Size          4096                                                                  
Number of Data Set Pages    1                                                                     
First Data Page             1                                                                     
Max Obs per Page            3619                                                                  
Obs in First Data Page      0                                                                     
Number of Data Set Repairs  0                                                                     
Filename                    C:\Users\Labadmin\AppData\Local\Temp\SAS Temporary                    
                            Files\_TD3896_SBS811436_\seedlings3.sas7bdat                          
Release Created             9.0301M0                                                              
Host Created                W32_7PRO                                                              


                            Alphabetic List of Variables and Attributes
 
                                   #    Variable    Type    Len

                                   1    sspp        Char      1
                                            saplings3           11:25 Thursday, April 10, 2014   2

                                      The CONTENTS Procedure

      Data Set Name        WORK.SAPLINGS3                          Observations          0 
      Member Type          DATA                                    Variables             1 
      Engine               V9                                      Indexes               0 
      Created              Thursday, April 10, 2014 11:25:38 AM    Observation Length    1 
      Last Modified        Thursday, April 10, 2014 11:25:38 AM    Deleted Observations  0 
      Protection                                                   Compressed            NO
      Data Set Type                                                Sorted                NO
      Label                                                                                
      Data Representation  WINDOWS_32                                                      
      Encoding             wlatin1  Western (Windows)                                      


                                Engine/Host Dependent Information

Data Set Page Size          4096                                                                  
Number of Data Set Pages    1                                                                     
First Data Page             1                                                                     
Max Obs per Page            3619                                                                  
Obs in First Data Page      0                                                                     
Number of Data Set Repairs  0                                                                     
Filename                    C:\Users\Labadmin\AppData\Local\Temp\SAS Temporary                    
                            Files\_TD3896_SBS811436_\saplings3.sas7bdat                           
Release Created             9.0301M0                                                              
Host Created                W32_7PRO                                                              


                            Alphabetic List of Variables and Attributes
 
                                   #    Variable    Type    Len

                                   1    pspp        Char      1
                                            overstory3          11:25 Thursday, April 10, 2014   3

                                      The CONTENTS Procedure

      Data Set Name        WORK.OVERSTORY3                         Observations          0 
      Member Type          DATA                                    Variables             1 
      Engine               V9                                      Indexes               0 
      Created              Thursday, April 10, 2014 11:25:38 AM    Observation Length    1 
      Last Modified        Thursday, April 10, 2014 11:25:38 AM    Deleted Observations  0 
      Protection                                                   Compressed            NO
      Data Set Type                                                Sorted                NO
      Label                                                                                
      Data Representation  WINDOWS_32                                                      
      Encoding             wlatin1  Western (Windows)                                      


                                Engine/Host Dependent Information

Data Set Page Size          4096                                                                  
Number of Data Set Pages    1                                                                     
First Data Page             1                                                                     
Max Obs per Page            3619                                                                  
Obs in First Data Page      0                                                                     
Number of Data Set Repairs  0                                                                     
Filename                    C:\Users\Labadmin\AppData\Local\Temp\SAS Temporary                    
                            Files\_TD3896_SBS811436_\overstory3.sas7bdat                          
Release Created             9.0301M0                                                              
Host Created                W32_7PRO                                                              


                            Alphabetic List of Variables and Attributes
 
                                   #    Variable    Type    Len

                                   1    ospp        Char      1
                                              herbs3            11:25 Thursday, April 10, 2014   4

                                      The CONTENTS Procedure

      Data Set Name        WORK.HERBS3                             Observations          0 
      Member Type          DATA                                    Variables             1 
      Engine               V9                                      Indexes               0 
      Created              Thursday, April 10, 2014 11:25:38 AM    Observation Length    1 
      Last Modified        Thursday, April 10, 2014 11:25:38 AM    Deleted Observations  0 
      Protection                                                   Compressed            NO
      Data Set Type                                                Sorted                NO
      Label                                                                                
      Data Representation  WINDOWS_32                                                      
      Encoding             wlatin1  Western (Windows)                                      


                                Engine/Host Dependent Information

Data Set Page Size          4096                                                                  
Number of Data Set Pages    1                                                                     
First Data Page             1                                                                     
Max Obs per Page            3619                                                                  
Obs in First Data Page      0                                                                     
Number of Data Set Repairs  0                                                                     
Filename                    C:\Users\Labadmin\AppData\Local\Temp\SAS Temporary                    
                            Files\_TD3896_SBS811436_\herbs3.sas7bdat                              
Release Created             9.0301M0                                                              
Host Created                W32_7PRO                                                              


                            Alphabetic List of Variables and Attributes
 
                                   #    Variable    Type    Len

                                   1    hspp        Char      1
                                             shrubs3            11:25 Thursday, April 10, 2014   5

                                      The CONTENTS Procedure

      Data Set Name        WORK.SHRUBS3                            Observations          0 
      Member Type          DATA                                    Variables             1 
      Engine               V9                                      Indexes               0 
      Created              Thursday, April 10, 2014 11:25:39 AM    Observation Length    1 
      Last Modified        Thursday, April 10, 2014 11:25:39 AM    Deleted Observations  0 
      Protection                                                   Compressed            NO
      Data Set Type                                                Sorted                NO
      Label                                                                                
      Data Representation  WINDOWS_32                                                      
      Encoding             wlatin1  Western (Windows)                                      


                                Engine/Host Dependent Information

Data Set Page Size          4096                                                                  
Number of Data Set Pages    1                                                                     
First Data Page             1                                                                     
Max Obs per Page            3619                                                                  
Obs in First Data Page      0                                                                     
Number of Data Set Repairs  0                                                                     
Filename                    C:\Users\Labadmin\AppData\Local\Temp\SAS Temporary                    
                            Files\_TD3896_SBS811436_\shrubs3.sas7bdat                             
Release Created             9.0301M0                                                              
Host Created                W32_7PRO                                                              


                            Alphabetic List of Variables and Attributes
 
                                   #    Variable    Type    Len

                                   1    shspp       Char      1
                                              point3            11:25 Thursday, April 10, 2014   6

                                      The CONTENTS Procedure

      Data Set Name        WORK.POINT3                             Observations          0 
      Member Type          DATA                                    Variables             1 
      Engine               V9                                      Indexes               0 
      Created              Thursday, April 10, 2014 11:25:40 AM    Observation Length    1 
      Last Modified        Thursday, April 10, 2014 11:25:40 AM    Deleted Observations  0 
      Protection                                                   Compressed            NO
      Data Set Type                                                Sorted                NO
      Label                                                                                
      Data Representation  WINDOWS_32                                                      
      Encoding             wlatin1  Western (Windows)                                      


                                Engine/Host Dependent Information

Data Set Page Size          4096                                                                  
Number of Data Set Pages    1                                                                     
First Data Page             1                                                                     
Max Obs per Page            3619                                                                  
Obs in First Data Page      0                                                                     
Number of Data Set Repairs  0                                                                     
Filename                    C:\Users\Labadmin\AppData\Local\Temp\SAS Temporary                    
                            Files\_TD3896_SBS811436_\point3.sas7bdat                              
Release Created             9.0301M0                                                              
Host Created                W32_7PRO                                                              


                            Alphabetic List of Variables and Attributes
 
                                   #    Variable    Type    Len

                                   1    spp         Char      1
